// Jest Snapshot v1, https://goo.gl/fbAQLP

exports[`Button renders correctly 1`] = `
<input
  class="button"
  onClick={[Function]}
  type="button"
  value=""
/>
`;
