// Jest Snapshot v1, https://goo.gl/fbAQLP

exports[`RegionSidebar should match snapshot 1`] = `
ShallowWrapper {
  "complexSelector": ComplexSelector {
    "buildPredicate": [Function],
    "childrenOfNode": [Function],
    "findWhereUnwrapped": [Function],
  },
  "length": 1,
  "node": <div
    className="region-sidebar"
>
    <div
        className="sidebar--closed"
    >
        <div />
    </div>
    <div
        className="spacer click-to-open"
        onClick={[Function]}
    />
</div>,
  "nodes": Array [
    <div
      className="region-sidebar"
>
      <div
            className="sidebar--closed"
      >
            <div />
      </div>
      <div
            className="spacer click-to-open"
            onClick={[Function]}
      />
</div>,
  ],
  "options": Object {},
  "renderer": ReactShallowRenderer {
    "_instance": ShallowComponentWrapper {
      "_calledComponentWillUnmount": false,
      "_compositeType": 1,
      "_context": Object {},
      "_currentElement": <RegionSidebar
        isOpen={false}
>
        <div />
</RegionSidebar>,
      "_debugID": 3,
      "_hostContainerInfo": null,
      "_hostParent": null,
      "_instance": RegionSidebar {
        "_reactInternalInstance": [Circular],
        "context": Object {},
        "props": Object {
          "children": <div />,
          "isOpen": false,
        },
        "refs": Object {},
        "state": Object {
          "isOpen": false,
        },
        "updater": Object {
          "enqueueCallback": [Function],
          "enqueueCallbackInternal": [Function],
          "enqueueElementInternal": [Function],
          "enqueueForceUpdate": [Function],
          "enqueueReplaceState": [Function],
          "enqueueSetState": [Function],
          "isMounted": [Function],
          "validateCallback": [Function],
        },
      },
      "_mountOrder": 2,
      "_pendingCallbacks": null,
      "_pendingElement": null,
      "_pendingForceUpdate": false,
      "_pendingReplaceState": false,
      "_pendingStateQueue": null,
      "_renderedComponent": NoopInternalComponent {
        "_currentElement": <div
          className="region-sidebar"
>
          <div
                    className="sidebar--closed"
          >
                    <div />
          </div>
          <div
                    className="spacer click-to-open"
                    onClick={[Function]}
          />
</div>,
        "_debugID": 4,
        "_renderedOutput": <div
          className="region-sidebar"
>
          <div
                    className="sidebar--closed"
          >
                    <div />
          </div>
          <div
                    className="spacer click-to-open"
                    onClick={[Function]}
          />
</div>,
      },
      "_renderedNodeType": 0,
      "_rootNodeID": 0,
      "_topLevelWrapper": null,
      "_updateBatchNumber": null,
      "_warnedAboutRefsInRender": false,
    },
    "getRenderOutput": [Function],
    "render": [Function],
  },
  "root": [Circular],
  "unrendered": <RegionSidebar
    isOpen={false}
>
    <div />
</RegionSidebar>,
}
`;
